../isotp-c/isotp.c:11:16:isotp_ms_to_st_min	24	static
../isotp-c/isotp.c:23:16:isotp_st_min_to_ms	24	static
../isotp-c/isotp.c:37:12:isotp_send_flow_control	32	static
../isotp-c/isotp.c:61:12:isotp_send_single_frame	32	static
../isotp-c/isotp.c:87:12:isotp_send_first_frame	32	static
../isotp-c/isotp.c:111:12:isotp_send_consecutive_frame	32	static
../isotp-c/isotp.c:148:12:isotp_receive_single_frame	24	static
../isotp-c/isotp.c:162:12:isotp_receive_first_frame	32	static
../isotp-c/isotp.c:194:12:isotp_receive_consecutive_frame	32	static
../isotp-c/isotp.c:223:12:isotp_receive_flow_control_frame	24	static
../isotp-c/isotp.c:237:10:isotp_user_get_ms	8	static
../isotp-c/isotp.c:241:6:isotp_user_debug	8	static
../isotp-c/isotp.c:244:5:isotp_user_send_can	56	static
../isotp-c/isotp.c:259:5:CAN_RecData	64	static
../isotp-c/isotp.c:271:10:CAN_Config_filtering	48	static
../isotp-c/isotp.c:289:5:isotp_send	24	static
../isotp-c/isotp.c:293:5:isotp_send_with_id	160	static
../isotp-c/isotp.c:340:6:isotp_on_can_message	40	static
../isotp-c/isotp.c:488:5:isotp_receive	32	static
../isotp-c/isotp.c:508:6:isotp_init_link	24	static
../isotp-c/isotp.c:521:6:isotp_poll	32	static
